// Jest Snapshot v1, https://goo.gl/fbAQLP

exports[`Cart renders correctly 1`] = `
<div class="cart__widget">
  <div class="cart__content">
    <header><span class="go-back"><img src="/back.svg" alt="go-back-to-products"></span>
      <h3 class="cart__heading">
        Your Cart
      </h3>
      <div class="currency-selection"><select name="currency">
          <option value="0">
            USD
          </option>
          <option value="1">
            NGN
          </option>
        </select></div>
    </header>
    <div class="cart__items-wrapper">
      <!---->
      <div class="alert alert-info">
        Cart is empty
      </div>
    </div>
    <div class="cart__footer">
      <div class="cart__total"><span>Subtotal</span> <span> $0.00</span></div> <button class="btn">
        Make this a subscription (save 20%)
      </button> <button disabled="disabled" class="btn btn-primary">
        Proceed To checkout
      </button>
    </div>
  </div>
</div>
`;
